id: avoid-include-directories
snapshots:
  ? |
    # BEFORE/AFTER options
    include_directories(BEFORE include/)
    include_directories(AFTER external/)
  : labels:
    - source: include_directories(BEFORE include/)
      style: primary
      start: 23
      end: 59
  ? |-
    # Mixed usage - still should trigger
    add_library(mylib src/lib.cpp)
    include_directories(include/)
    target_include_directories(mylib PRIVATE src/)
  : labels:
    - source: include_directories(include/)
      style: primary
      start: 68
      end: 97
  ? |
    # Mixed usage - still should trigger
    add_library(mylib src/lib.cpp)
    include_directories(include/)
    target_include_directories(mylib PRIVATE src/)
  : labels:
    - source: include_directories(include/)
      style: primary
      start: 68
      end: 97
  ? |
    # SYSTEM includes
    include_directories(SYSTEM /usr/local/include)
  : labels:
    - source: include_directories(SYSTEM /usr/local/include)
      style: primary
      start: 18
      end: 64
  ? |
    # Using variables
    set(INC_DIRS include/ src/)
    include_directories(${INC_DIRS})
  : labels:
    - source: include_directories(${INC_DIRS})
      style: primary
      start: 46
      end: 78
  ? |
    cmake_minimum_required(VERSION 3.10)
    project(TestProject)
    include_directories(include/)
  : labels:
    - source: include_directories(include/)
      style: primary
      start: 58
      end: 87
  ? |
    include_directories(
        include/
        external/
        ${CMAKE_SOURCE_DIR}/third_party/
    )
  : labels:
    - source: |-
        include_directories(
            include/
            external/
            ${CMAKE_SOURCE_DIR}/third_party/
        )
      style: primary
      start: 0
      end: 86
  ? |
    include_directories(include/ src/)
  : labels:
    - source: include_directories(include/ src/)
      style: primary
      start: 0
      end: 34
  include_directories(include/):
    labels:
    - source: include_directories(include/)
      style: primary
      start: 0
      end: 29
