id: deprecated-link-directories
snapshots:
  ? |
    cmake_minimum_required(VERSION 3.10)
    project(TestProject)
    link_directories(/usr/local/lib)
  : labels:
      - source: link_directories(/usr/local/lib)
        style: primary
        start: 58
        end: 90
  ? |
    link_directories(
        /opt/lib
        /usr/lib64
    )
  : labels:
      - source: |-
          link_directories(
              /opt/lib
              /usr/lib64
          )
        style: primary
        start: 0
        end: 47
  ? |
    link_directories(${CMAKE_BINARY_DIR}/lib)
  : labels:
      - source: link_directories(${CMAKE_BINARY_DIR}/lib)
        style: primary
        start: 0
        end: 41
  link_directories(/usr/local/lib):
    labels:
      - source: link_directories(/usr/local/lib)
        style: primary
        start: 0
        end: 32
